
> avocat@0.1.0 build
> next build

  Ôû▓ Next.js 14.2.35
  - Environments: .env.production, .env

   Creating an optimized production build ...
 Ô£ô Compiled successfully
   Linting and checking validity of types ...
node.exe : Failed to compile.
Au caractère C:\Program Files\nodejs\npm.ps1:29 : 3
+   & $NODE_EXE $NPM_CLI_JS $args
+   ~~~~~~~~~~~~~~~~~~~~~~~~~~~~~
    + CategoryInfo          : NotSpecified: (Failed to compile.:String) [], RemoteException
    + FullyQualifiedErrorId : NativeCommandError
 

./components/ui/calendar.tsx:58:17
Type error: Object literal may only specify known properties, and 'IconLeft' does not exist in type 
'Partial<CustomComponents>'.

[0m [90m 56 |[39m             }}[0m
[0m [90m 57 |[39m             components[33m=[39m{{[0m
[0m[31m[1m>[22m[39m[90m 58 |[39m                 [33mIconLeft[39m[33m:[39m ({ [33m...[39mprops }) 
[33m=>[39m [33m<[39m[33mChevronLeft[39m className[33m=[39m[32m"h-4 w-4"[39m 
[33m/[39m[33m>[39m[33m,[39m[0m
[0m [90m    |[39m                 [31m[1m^[22m[39m[0m
[0m [90m 59 |[39m                 [33mIconRight[39m[33m:[39m ({ [33m...[39mprops }) [33m=>[39m 
[33m<[39m[33mChevronRight[39m className[33m=[39m[32m"h-4 w-4"[39m [33m/[39m[33m>[39m[33m,[39m[0m
[0m [90m 60 |[39m             }}[0m
[0m [90m 61 |[39m             {[33m...[39mprops}[0m
Next.js build worker exited with code: 1 and signal: null
